---
source: src/tui.rs
expression: "draw(&app, 72, 16)"
---
 🦬  Hairy (2)   🪒  Shaving (1)   🐑  Shorn (1)   🕒  Recent (4)   ⭐  Starr

 a0   p2 task     🦬  Ro Views
   a1 p3 task     🦬  Ch ▸ * 🦬  Hairy  (2)  (builtin)
   a2 p3 task     🐑  Ch   * 🪒  Shaving  (1)  (builtin)
                          * 🐑  Shorn  (1)  (builtin)
                          * 🕒  Recent  (4)  (builtin)
                          * ⭐  Starred  (0)  (builtin)







Enter open · p pin · J/K move · r rename · d delete · Esc close
