---
source: src/tui.rs
expression: "draw(&app, 72, 14)"
---
 Hairy 2 · Shaving 1 · Shorn 1
▾ [H] p2 Root A                 Reparent a1  (2 matches)
    [H] p3 Child A1             (clear parent — make top-level)
    [N] p3 Child A2 done        [S] b0 Root B shaving
                                [N] a2 Child A2 done








search:
