---
source: src/tui.rs
expression: "draw(&app, 72, 16)"
---
 Hairy 3 · Shaving 0 · Shorn 0
▾ [H] p2 Root A                 │ id       a0
    [H] p3 Child A1             │ title    Root A
    [H] p3 Child A2             │ type     task
                                │ priority p2
                                │ children
                                │   H a1  Child A1
                                │   H a2  Child A2
                                │
                                │ follow a1 then a2
                                │
                                │
                                │
                                │
                                │
j/k scroll · h back · q quit
