---
source: src/tui.rs
expression: "draw(&app, 72, 14)"
---
 Hairy 2 · Shaving 1 · Shorn 1 · Recent 4 · Starred 0
▾ [H] p2 Root A                 Add dependency to a0  (3 matches)
    [H] p3 Child A1             [S] b0 Root B shaving
    [N] p3 Child A2 done        [H] a1 Child A1
                                [N] a2 Child A2 done








search:
