---
source: src/tui.rs
expression: "draw(&app, 72, 14)"
---
 Hairy 1 · Shaving 0 · Shorn 0
  [H] p3 Editable               Edit e0 — Ctrl-S save · Ctrl-C cancel
                                First line.
                                Second line.









j/k move · c new · E edit · S/P/T/L/X adjust · Space fold · Tab tab · l
