---
source: src/tui.rs
expression: "draw(&app, 72, 16)"
---
 Hairy 3 · Shaving 0 · Shorn 0
▾ [H] p2 Root A                 │ children
    [H] p3 Child A1             │   H a1  Child A1
    [H] p3 Child A2             │   H a2  Child A2
                                │
                                │ follow a1 then a2
                                │
                                │
                                │
                                │
                                │
                                │
                                │
                                │
                                │
find: child
