---
source: src/tui.rs
expression: "draw(&app, 72, 14)"
---
 Hairy 2 · Shaving 1 · Shorn 1
▾ [H] p2 Root A                 │ id       a1
    [H] p3 Child A1             │ title    Child A1
    [N] p3 Child A2 done        │ type     task
                                │ priority p3
                                │ parent   H a0  Root A
                                │
                                │
                                │
                                │
                                │
                                │
                                │
Slaughter a1 (Child A1)? (y/N):
