---
source: src/tui.rs
expression: "draw(&app, 72, 14)"
---
 🦬  Hairy (2)   🪒  Shaving (1)   🐑  Shorn (1)   🕒  Recent (4) starred a0

 a0   p2 task     🦬  Root A                                           ⭐
   a1 p3 task     🦬  Child A1









Tab:view  j/k:move  l:detail  h:herd  v:views  c/C:new  E:edit  X:del  S
