---
source: src/tui.rs
expression: "draw(&app, 72, 16)"
---
 Hairy 2* · Shaving 1 · Shorn 1 · Recent 4 · Starred 0
  [S] p1 Root B shaving         Filter
▾ [H] p2 Root A                 ▸ status    hairy shaving shorn dead
    [H] p3 Child A1               type      task bug feature idea
    [N] p3 Child A2 done          priority  p1 p2 p3 p4 p5
                                  labels   (any)
                                  search   (any)
                                  parent   (any)
                                  deps      ready tangled






↑↓/Tab rows · ←→ chips · Space toggle · C clear · Enter apply · Esc canc
