---
source: src/tui.rs
expression: "draw(&app, 72, 14)"
---
 🦬  Hairy (1)   🪒  Shaving (0)   🐑  Shorn (0)   🕒  Recent (1)   ⭐  Starr

 e0   p3 task     [rust,│ Edit e0
                        │   title       Editable
                        │   type         task bug feature idea
                        │   priority     p1 p2 p3 p4 p5
                        │   labels      rust, tui
                        │ ▸ description ───────────────────────────────
                        │ First line.
                        │ Second line.
                        │
                        │
                        │
Tab/↑↓ rows · ←→ chips · Ctrl-S save · Esc cancel
